// Jest Snapshot v1, https://goo.gl/fbAQLP

exports[`Article component test should render without crashing 1`] = `ShallowWrapper {}`;

exports[`Article component test should render without crashing 2`] = `ShallowWrapper {}`;

exports[`Article component test should render without crashing 3`] = `ShallowWrapper {}`;
