// Jest Snapshot v1, https://goo.gl/fbAQLP

exports[`Sidebar component test Should render without crashing 1`] = `
ShallowWrapper {
  Symbol(enzyme.__root__): [Circular],
  Symbol(enzyme.__unrendered__): <Sidebar />,
  Symbol(enzyme.__renderer__): Object {
    "batchedUpdates": [Function],
    "checkPropTypes": [Function],
    "getNode": [Function],
    "render": [Function],
    "simulateError": [Function],
    "simulateEvent": [Function],
    "unmount": [Function],
  },
  Symbol(enzyme.__node__): Object {
    "instance": null,
    "key": undefined,
    "nodeType": "function",
    "props": Object {
      "children": <div
        className="col-lg-4"
      >
        <div
          className="sidebar"
        >
          <aside
            className="favourite"
          >
            <h3
              className="title"
            >
              Most Favourited
            </h3>
            <p>
              No recent articles
            </p>
          </aside>
          <div
            className="separator"
          />
          <aside
            className="tags"
          >
            <h3
              className="title"
            >
              Tags
            </h3>
            <Connect(Tags) />
          </aside>
          <div
            className="separator"
          />
          <aside
            className="favourite"
          >
            <h3
              className="title"
            >
              Most Bookmarked
            </h3>
            <p>
              No recent articles
            </p>
          </aside>
        </div>
      </div>,
    },
    "ref": null,
    "rendered": Object {
      "instance": null,
      "key": undefined,
      "nodeType": "host",
      "props": Object {
        "children": <div
          className="sidebar"
        >
          <aside
            className="favourite"
          >
            <h3
              className="title"
            >
              Most Favourited
            </h3>
            <p>
              No recent articles
            </p>
          </aside>
          <div
            className="separator"
          />
          <aside
            className="tags"
          >
            <h3
              className="title"
            >
              Tags
            </h3>
            <Connect(Tags) />
          </aside>
          <div
            className="separator"
          />
          <aside
            className="favourite"
          >
            <h3
              className="title"
            >
              Most Bookmarked
            </h3>
            <p>
              No recent articles
            </p>
          </aside>
        </div>,
        "className": "col-lg-4",
      },
      "ref": null,
      "rendered": Object {
        "instance": null,
        "key": undefined,
        "nodeType": "host",
        "props": Object {
          "children": Array [
            <aside
              className="favourite"
            >
              <h3
                className="title"
              >
                Most Favourited
              </h3>
              <p>
                No recent articles
              </p>
            </aside>,
            <div
              className="separator"
            />,
            <aside
              className="tags"
            >
              <h3
                className="title"
              >
                Tags
              </h3>
              <Connect(Tags) />
            </aside>,
            <div
              className="separator"
            />,
            <aside
              className="favourite"
            >
              <h3
                className="title"
              >
                Most Bookmarked
              </h3>
              <p>
                No recent articles
              </p>
            </aside>,
          ],
          "className": "sidebar",
        },
        "ref": null,
        "rendered": Array [
          Object {
            "instance": null,
            "key": undefined,
            "nodeType": "host",
            "props": Object {
              "children": Array [
                <h3
                  className="title"
                >
                  Most Favourited
                </h3>,
                <p>
                  No recent articles
                </p>,
              ],
              "className": "favourite",
            },
            "ref": null,
            "rendered": Array [
              Object {
                "instance": null,
                "key": undefined,
                "nodeType": "host",
                "props": Object {
                  "children": "Most Favourited",
                  "className": "title",
                },
                "ref": null,
                "rendered": "Most Favourited",
                "type": "h3",
              },
              Object {
                "instance": null,
                "key": undefined,
                "nodeType": "host",
                "props": Object {
                  "children": "No recent articles",
                },
                "ref": null,
                "rendered": "No recent articles",
                "type": "p",
              },
            ],
            "type": "aside",
          },
          Object {
            "instance": null,
            "key": undefined,
            "nodeType": "host",
            "props": Object {
              "className": "separator",
            },
            "ref": null,
            "rendered": null,
            "type": "div",
          },
          Object {
            "instance": null,
            "key": undefined,
            "nodeType": "host",
            "props": Object {
              "children": Array [
                <h3
                  className="title"
                >
                  Tags
                </h3>,
                <Connect(Tags) />,
              ],
              "className": "tags",
            },
            "ref": null,
            "rendered": Array [
              Object {
                "instance": null,
                "key": undefined,
                "nodeType": "host",
                "props": Object {
                  "children": "Tags",
                  "className": "title",
                },
                "ref": null,
                "rendered": "Tags",
                "type": "h3",
              },
              Object {
                "instance": null,
                "key": undefined,
                "nodeType": "class",
                "props": Object {},
                "ref": null,
                "rendered": null,
                "type": [Function],
              },
            ],
            "type": "aside",
          },
          Object {
            "instance": null,
            "key": undefined,
            "nodeType": "host",
            "props": Object {
              "className": "separator",
            },
            "ref": null,
            "rendered": null,
            "type": "div",
          },
          Object {
            "instance": null,
            "key": undefined,
            "nodeType": "host",
            "props": Object {
              "children": Array [
                <h3
                  className="title"
                >
                  Most Bookmarked
                </h3>,
                <p>
                  No recent articles
                </p>,
              ],
              "className": "favourite",
            },
            "ref": null,
            "rendered": Array [
              Object {
                "instance": null,
                "key": undefined,
                "nodeType": "host",
                "props": Object {
                  "children": "Most Bookmarked",
                  "className": "title",
                },
                "ref": null,
                "rendered": "Most Bookmarked",
                "type": "h3",
              },
              Object {
                "instance": null,
                "key": undefined,
                "nodeType": "host",
                "props": Object {
                  "children": "No recent articles",
                },
                "ref": null,
                "rendered": "No recent articles",
                "type": "p",
              },
            ],
            "type": "aside",
          },
        ],
        "type": "div",
      },
      "type": "div",
    },
    "type": Symbol(react.fragment),
  },
  Symbol(enzyme.__nodes__): Array [
    Object {
      "instance": null,
      "key": undefined,
      "nodeType": "function",
      "props": Object {
        "children": <div
          className="col-lg-4"
        >
          <div
            className="sidebar"
          >
            <aside
              className="favourite"
            >
              <h3
                className="title"
              >
                Most Favourited
              </h3>
              <p>
                No recent articles
              </p>
            </aside>
            <div
              className="separator"
            />
            <aside
              className="tags"
            >
              <h3
                className="title"
              >
                Tags
              </h3>
              <Connect(Tags) />
            </aside>
            <div
              className="separator"
            />
            <aside
              className="favourite"
            >
              <h3
                className="title"
              >
                Most Bookmarked
              </h3>
              <p>
                No recent articles
              </p>
            </aside>
          </div>
        </div>,
      },
      "ref": null,
      "rendered": Object {
        "instance": null,
        "key": undefined,
        "nodeType": "host",
        "props": Object {
          "children": <div
            className="sidebar"
          >
            <aside
              className="favourite"
            >
              <h3
                className="title"
              >
                Most Favourited
              </h3>
              <p>
                No recent articles
              </p>
            </aside>
            <div
              className="separator"
            />
            <aside
              className="tags"
            >
              <h3
                className="title"
              >
                Tags
              </h3>
              <Connect(Tags) />
            </aside>
            <div
              className="separator"
            />
            <aside
              className="favourite"
            >
              <h3
                className="title"
              >
                Most Bookmarked
              </h3>
              <p>
                No recent articles
              </p>
            </aside>
          </div>,
          "className": "col-lg-4",
        },
        "ref": null,
        "rendered": Object {
          "instance": null,
          "key": undefined,
          "nodeType": "host",
          "props": Object {
            "children": Array [
              <aside
                className="favourite"
              >
                <h3
                  className="title"
                >
                  Most Favourited
                </h3>
                <p>
                  No recent articles
                </p>
              </aside>,
              <div
                className="separator"
              />,
              <aside
                className="tags"
              >
                <h3
                  className="title"
                >
                  Tags
                </h3>
                <Connect(Tags) />
              </aside>,
              <div
                className="separator"
              />,
              <aside
                className="favourite"
              >
                <h3
                  className="title"
                >
                  Most Bookmarked
                </h3>
                <p>
                  No recent articles
                </p>
              </aside>,
            ],
            "className": "sidebar",
          },
          "ref": null,
          "rendered": Array [
            Object {
              "instance": null,
              "key": undefined,
              "nodeType": "host",
              "props": Object {
                "children": Array [
                  <h3
                    className="title"
                  >
                    Most Favourited
                  </h3>,
                  <p>
                    No recent articles
                  </p>,
                ],
                "className": "favourite",
              },
              "ref": null,
              "rendered": Array [
                Object {
                  "instance": null,
                  "key": undefined,
                  "nodeType": "host",
                  "props": Object {
                    "children": "Most Favourited",
                    "className": "title",
                  },
                  "ref": null,
                  "rendered": "Most Favourited",
                  "type": "h3",
                },
                Object {
                  "instance": null,
                  "key": undefined,
                  "nodeType": "host",
                  "props": Object {
                    "children": "No recent articles",
                  },
                  "ref": null,
                  "rendered": "No recent articles",
                  "type": "p",
                },
              ],
              "type": "aside",
            },
            Object {
              "instance": null,
              "key": undefined,
              "nodeType": "host",
              "props": Object {
                "className": "separator",
              },
              "ref": null,
              "rendered": null,
              "type": "div",
            },
            Object {
              "instance": null,
              "key": undefined,
              "nodeType": "host",
              "props": Object {
                "children": Array [
                  <h3
                    className="title"
                  >
                    Tags
                  </h3>,
                  <Connect(Tags) />,
                ],
                "className": "tags",
              },
              "ref": null,
              "rendered": Array [
                Object {
                  "instance": null,
                  "key": undefined,
                  "nodeType": "host",
                  "props": Object {
                    "children": "Tags",
                    "className": "title",
                  },
                  "ref": null,
                  "rendered": "Tags",
                  "type": "h3",
                },
                Object {
                  "instance": null,
                  "key": undefined,
                  "nodeType": "class",
                  "props": Object {},
                  "ref": null,
                  "rendered": null,
                  "type": [Function],
                },
              ],
              "type": "aside",
            },
            Object {
              "instance": null,
              "key": undefined,
              "nodeType": "host",
              "props": Object {
                "className": "separator",
              },
              "ref": null,
              "rendered": null,
              "type": "div",
            },
            Object {
              "instance": null,
              "key": undefined,
              "nodeType": "host",
              "props": Object {
                "children": Array [
                  <h3
                    className="title"
                  >
                    Most Bookmarked
                  </h3>,
                  <p>
                    No recent articles
                  </p>,
                ],
                "className": "favourite",
              },
              "ref": null,
              "rendered": Array [
                Object {
                  "instance": null,
                  "key": undefined,
                  "nodeType": "host",
                  "props": Object {
                    "children": "Most Bookmarked",
                    "className": "title",
                  },
                  "ref": null,
                  "rendered": "Most Bookmarked",
                  "type": "h3",
                },
                Object {
                  "instance": null,
                  "key": undefined,
                  "nodeType": "host",
                  "props": Object {
                    "children": "No recent articles",
                  },
                  "ref": null,
                  "rendered": "No recent articles",
                  "type": "p",
                },
              ],
              "type": "aside",
            },
          ],
          "type": "div",
        },
        "type": "div",
      },
      "type": Symbol(react.fragment),
    },
  ],
  Symbol(enzyme.__options__): Object {
    "adapter": ReactSixteenAdapter {
      "options": Object {
        "enableComponentDidUpdateOnSetState": true,
        "legacyContextMode": "parent",
        "lifecycles": Object {
          "componentDidUpdate": Object {
            "onSetState": true,
          },
          "getChildContext": Object {
            "calledByRenderer": false,
          },
          "getDerivedStateFromError": true,
          "getDerivedStateFromProps": Object {
            "hasShouldComponentUpdateBug": false,
          },
          "getSnapshotBeforeUpdate": true,
          "setState": Object {
            "skipsComponentDidUpdateOnNullish": true,
          },
        },
      },
    },
    "disableLifecycleMethods": true,
  },
}
`;
