// Jest Snapshot v1, https://goo.gl/fbAQLP

exports[`Sidebar component test Should render without crashing 1`] = `
ShallowWrapper {
  Symbol(enzyme.__root__): [Circular],
  Symbol(enzyme.__unrendered__): <Editor />,
  Symbol(enzyme.__renderer__): Object {
    "batchedUpdates": [Function],
    "checkPropTypes": [Function],
    "getNode": [Function],
    "render": [Function],
    "simulateError": [Function],
    "simulateEvent": [Function],
    "unmount": [Function],
  },
  Symbol(enzyme.__node__): Object {
    "instance": null,
    "key": undefined,
    "nodeType": "host",
    "props": Object {
      "children": <div
        className="article-container"
      >
        <div
          className="details create-article"
        >
          <h4>
            Publish Article
          </h4>
          <div
            className="separator"
          />
          <form
            className="mt-5"
          >
            <div>
              <div
                className="form-group"
              >
                <InputField
                  className="form-control "
                  maxLength="200"
                  name="title"
                  placeholder="Title"
                  type="text"
                />
              </div>
              <div
                className=" form-group "
              >
                <InputField
                  className="form-control "
                  maxLength="200"
                  name="description"
                  placeholder="What's this article about?"
                  type="text"
                />
              </div>
              <div
                className="form-group"
              >
                <textarea
                  className="form-control"
                  name="body"
                  placeholder="Tell your story...... "
                />
              </div>
              <TagsInput
                addKeys={
                  Array [
                    9,
                    13,
                  ]
                }
                addOnBlur={false}
                addOnPaste={false}
                className="react-tagsinput"
                disabled={false}
                focusedClassName="react-tagsinput--focused"
                inputProps={Object {}}
                maxTags={-1}
                onlyUnique={false}
                pasteSplit={[Function]}
                preventSubmit={true}
                removeKeys={
                  Array [
                    8,
                  ]
                }
                renderInput={[Function]}
                renderLayout={[Function]}
                renderTag={[Function]}
                tagDisplayProp={null}
                tagProps={
                  Object {
                    "className": "react-tagsinput-tag",
                    "classNameRemove": "react-tagsinput-remove",
                  }
                }
                validationRegex={/\\.\\*/}
              />
              <div
                className="form-group"
              >
                <Button
                  className="btn btn-article btn-primary mb-5 mt-1 float-left"
                  id="publish"
                  text="Publish Article"
                  type="submit"
                />
              </div>
            </div>
          </form>
        </div>
      </div>,
      "className": "col-lg-8",
    },
    "ref": null,
    "rendered": Object {
      "instance": null,
      "key": undefined,
      "nodeType": "host",
      "props": Object {
        "children": <div
          className="details create-article"
        >
          <h4>
            Publish Article
          </h4>
          <div
            className="separator"
          />
          <form
            className="mt-5"
          >
            <div>
              <div
                className="form-group"
              >
                <InputField
                  className="form-control "
                  maxLength="200"
                  name="title"
                  placeholder="Title"
                  type="text"
                />
              </div>
              <div
                className=" form-group "
              >
                <InputField
                  className="form-control "
                  maxLength="200"
                  name="description"
                  placeholder="What's this article about?"
                  type="text"
                />
              </div>
              <div
                className="form-group"
              >
                <textarea
                  className="form-control"
                  name="body"
                  placeholder="Tell your story...... "
                />
              </div>
              <TagsInput
                addKeys={
                  Array [
                    9,
                    13,
                  ]
                }
                addOnBlur={false}
                addOnPaste={false}
                className="react-tagsinput"
                disabled={false}
                focusedClassName="react-tagsinput--focused"
                inputProps={Object {}}
                maxTags={-1}
                onlyUnique={false}
                pasteSplit={[Function]}
                preventSubmit={true}
                removeKeys={
                  Array [
                    8,
                  ]
                }
                renderInput={[Function]}
                renderLayout={[Function]}
                renderTag={[Function]}
                tagDisplayProp={null}
                tagProps={
                  Object {
                    "className": "react-tagsinput-tag",
                    "classNameRemove": "react-tagsinput-remove",
                  }
                }
                validationRegex={/\\.\\*/}
              />
              <div
                className="form-group"
              >
                <Button
                  className="btn btn-article btn-primary mb-5 mt-1 float-left"
                  id="publish"
                  text="Publish Article"
                  type="submit"
                />
              </div>
            </div>
          </form>
        </div>,
        "className": "article-container",
      },
      "ref": null,
      "rendered": Object {
        "instance": null,
        "key": undefined,
        "nodeType": "host",
        "props": Object {
          "children": Array [
            <h4>
              Publish Article
            </h4>,
            <div
              className="separator"
            />,
            <form
              className="mt-5"
            >
              <div>
                <div
                  className="form-group"
                >
                  <InputField
                    className="form-control "
                    maxLength="200"
                    name="title"
                    placeholder="Title"
                    type="text"
                  />
                </div>
                <div
                  className=" form-group "
                >
                  <InputField
                    className="form-control "
                    maxLength="200"
                    name="description"
                    placeholder="What's this article about?"
                    type="text"
                  />
                </div>
                <div
                  className="form-group"
                >
                  <textarea
                    className="form-control"
                    name="body"
                    placeholder="Tell your story...... "
                  />
                </div>
                <TagsInput
                  addKeys={
                    Array [
                      9,
                      13,
                    ]
                  }
                  addOnBlur={false}
                  addOnPaste={false}
                  className="react-tagsinput"
                  disabled={false}
                  focusedClassName="react-tagsinput--focused"
                  inputProps={Object {}}
                  maxTags={-1}
                  onlyUnique={false}
                  pasteSplit={[Function]}
                  preventSubmit={true}
                  removeKeys={
                    Array [
                      8,
                    ]
                  }
                  renderInput={[Function]}
                  renderLayout={[Function]}
                  renderTag={[Function]}
                  tagDisplayProp={null}
                  tagProps={
                    Object {
                      "className": "react-tagsinput-tag",
                      "classNameRemove": "react-tagsinput-remove",
                    }
                  }
                  validationRegex={/\\.\\*/}
                />
                <div
                  className="form-group"
                >
                  <Button
                    className="btn btn-article btn-primary mb-5 mt-1 float-left"
                    id="publish"
                    text="Publish Article"
                    type="submit"
                  />
                </div>
              </div>
            </form>,
          ],
          "className": "details create-article",
        },
        "ref": null,
        "rendered": Array [
          Object {
            "instance": null,
            "key": undefined,
            "nodeType": "host",
            "props": Object {
              "children": "Publish Article",
            },
            "ref": null,
            "rendered": "Publish Article",
            "type": "h4",
          },
          Object {
            "instance": null,
            "key": undefined,
            "nodeType": "host",
            "props": Object {
              "className": "separator",
            },
            "ref": null,
            "rendered": null,
            "type": "div",
          },
          Object {
            "instance": null,
            "key": undefined,
            "nodeType": "host",
            "props": Object {
              "children": <div>
                <div
                  className="form-group"
                >
                  <InputField
                    className="form-control "
                    maxLength="200"
                    name="title"
                    placeholder="Title"
                    type="text"
                  />
                </div>
                <div
                  className=" form-group "
                >
                  <InputField
                    className="form-control "
                    maxLength="200"
                    name="description"
                    placeholder="What's this article about?"
                    type="text"
                  />
                </div>
                <div
                  className="form-group"
                >
                  <textarea
                    className="form-control"
                    name="body"
                    placeholder="Tell your story...... "
                  />
                </div>
                <TagsInput
                  addKeys={
                    Array [
                      9,
                      13,
                    ]
                  }
                  addOnBlur={false}
                  addOnPaste={false}
                  className="react-tagsinput"
                  disabled={false}
                  focusedClassName="react-tagsinput--focused"
                  inputProps={Object {}}
                  maxTags={-1}
                  onlyUnique={false}
                  pasteSplit={[Function]}
                  preventSubmit={true}
                  removeKeys={
                    Array [
                      8,
                    ]
                  }
                  renderInput={[Function]}
                  renderLayout={[Function]}
                  renderTag={[Function]}
                  tagDisplayProp={null}
                  tagProps={
                    Object {
                      "className": "react-tagsinput-tag",
                      "classNameRemove": "react-tagsinput-remove",
                    }
                  }
                  validationRegex={/\\.\\*/}
                />
                <div
                  className="form-group"
                >
                  <Button
                    className="btn btn-article btn-primary mb-5 mt-1 float-left"
                    id="publish"
                    text="Publish Article"
                    type="submit"
                  />
                </div>
              </div>,
              "className": "mt-5",
              "onSubmit": undefined,
            },
            "ref": null,
            "rendered": Object {
              "instance": null,
              "key": undefined,
              "nodeType": "host",
              "props": Object {
                "children": Array [
                  <div
                    className="form-group"
                  >
                    <InputField
                      className="form-control "
                      maxLength="200"
                      name="title"
                      placeholder="Title"
                      type="text"
                    />
                  </div>,
                  <div
                    className=" form-group "
                  >
                    <InputField
                      className="form-control "
                      maxLength="200"
                      name="description"
                      placeholder="What's this article about?"
                      type="text"
                    />
                  </div>,
                  <div
                    className="form-group"
                  >
                    <textarea
                      className="form-control"
                      name="body"
                      placeholder="Tell your story...... "
                    />
                  </div>,
                  <TagsInput
                    addKeys={
                      Array [
                        9,
                        13,
                      ]
                    }
                    addOnBlur={false}
                    addOnPaste={false}
                    className="react-tagsinput"
                    disabled={false}
                    focusedClassName="react-tagsinput--focused"
                    inputProps={Object {}}
                    maxTags={-1}
                    onlyUnique={false}
                    pasteSplit={[Function]}
                    preventSubmit={true}
                    removeKeys={
                      Array [
                        8,
                      ]
                    }
                    renderInput={[Function]}
                    renderLayout={[Function]}
                    renderTag={[Function]}
                    tagDisplayProp={null}
                    tagProps={
                      Object {
                        "className": "react-tagsinput-tag",
                        "classNameRemove": "react-tagsinput-remove",
                      }
                    }
                    validationRegex={/\\.\\*/}
                  />,
                  <div
                    className="form-group"
                  >
                    <Button
                      className="btn btn-article btn-primary mb-5 mt-1 float-left"
                      id="publish"
                      text="Publish Article"
                      type="submit"
                    />
                  </div>,
                ],
              },
              "ref": null,
              "rendered": Array [
                Object {
                  "instance": null,
                  "key": undefined,
                  "nodeType": "host",
                  "props": Object {
                    "children": <InputField
                      className="form-control "
                      maxLength="200"
                      name="title"
                      placeholder="Title"
                      type="text"
                    />,
                    "className": "form-group",
                  },
                  "ref": null,
                  "rendered": Object {
                    "instance": null,
                    "key": undefined,
                    "nodeType": "function",
                    "props": Object {
                      "className": "form-control ",
                      "maxLength": "200",
                      "name": "title",
                      "onInputChange": undefined,
                      "placeholder": "Title",
                      "type": "text",
                      "value": undefined,
                    },
                    "ref": null,
                    "rendered": null,
                    "type": [Function],
                  },
                  "type": "div",
                },
                Object {
                  "instance": null,
                  "key": undefined,
                  "nodeType": "host",
                  "props": Object {
                    "children": <InputField
                      className="form-control "
                      maxLength="200"
                      name="description"
                      placeholder="What's this article about?"
                      type="text"
                    />,
                    "className": " form-group ",
                  },
                  "ref": null,
                  "rendered": Object {
                    "instance": null,
                    "key": undefined,
                    "nodeType": "function",
                    "props": Object {
                      "className": "form-control ",
                      "maxLength": "200",
                      "name": "description",
                      "onInputChange": undefined,
                      "placeholder": "What's this article about?",
                      "type": "text",
                      "value": undefined,
                    },
                    "ref": null,
                    "rendered": null,
                    "type": [Function],
                  },
                  "type": "div",
                },
                Object {
                  "instance": null,
                  "key": undefined,
                  "nodeType": "host",
                  "props": Object {
                    "children": <textarea
                      className="form-control"
                      name="body"
                      placeholder="Tell your story...... "
                    />,
                    "className": "form-group",
                  },
                  "ref": null,
                  "rendered": Object {
                    "instance": null,
                    "key": undefined,
                    "nodeType": "host",
                    "props": Object {
                      "className": "form-control",
                      "name": "body",
                      "onChange": undefined,
                      "placeholder": "Tell your story...... ",
                      "value": undefined,
                    },
                    "ref": null,
                    "rendered": null,
                    "type": "textarea",
                  },
                  "type": "div",
                },
                Object {
                  "instance": null,
                  "key": undefined,
                  "nodeType": "class",
                  "props": Object {
                    "addKeys": Array [
                      9,
                      13,
                    ],
                    "addOnBlur": false,
                    "addOnPaste": false,
                    "className": "react-tagsinput",
                    "disabled": false,
                    "focusedClassName": "react-tagsinput--focused",
                    "inputProps": Object {},
                    "maxTags": -1,
                    "onChange": undefined,
                    "onlyUnique": false,
                    "pasteSplit": [Function],
                    "preventSubmit": true,
                    "removeKeys": Array [
                      8,
                    ],
                    "renderInput": [Function],
                    "renderLayout": [Function],
                    "renderTag": [Function],
                    "tagDisplayProp": null,
                    "tagProps": Object {
                      "className": "react-tagsinput-tag",
                      "classNameRemove": "react-tagsinput-remove",
                    },
                    "validationRegex": /\\.\\*/,
                    "value": undefined,
                  },
                  "ref": null,
                  "rendered": null,
                  "type": [Function],
                },
                Object {
                  "instance": null,
                  "key": undefined,
                  "nodeType": "host",
                  "props": Object {
                    "children": <Button
                      className="btn btn-article btn-primary mb-5 mt-1 float-left"
                      id="publish"
                      text="Publish Article"
                      type="submit"
                    />,
                    "className": "form-group",
                  },
                  "ref": null,
                  "rendered": Object {
                    "instance": null,
                    "key": undefined,
                    "nodeType": "function",
                    "props": Object {
                      "className": "btn btn-article btn-primary mb-5 mt-1 float-left",
                      "id": "publish",
                      "text": "Publish Article",
                      "type": "submit",
                    },
                    "ref": null,
                    "rendered": null,
                    "type": [Function],
                  },
                  "type": "div",
                },
              ],
              "type": "div",
            },
            "type": "form",
          },
        ],
        "type": "div",
      },
      "type": "div",
    },
    "type": "div",
  },
  Symbol(enzyme.__nodes__): Array [
    Object {
      "instance": null,
      "key": undefined,
      "nodeType": "host",
      "props": Object {
        "children": <div
          className="article-container"
        >
          <div
            className="details create-article"
          >
            <h4>
              Publish Article
            </h4>
            <div
              className="separator"
            />
            <form
              className="mt-5"
            >
              <div>
                <div
                  className="form-group"
                >
                  <InputField
                    className="form-control "
                    maxLength="200"
                    name="title"
                    placeholder="Title"
                    type="text"
                  />
                </div>
                <div
                  className=" form-group "
                >
                  <InputField
                    className="form-control "
                    maxLength="200"
                    name="description"
                    placeholder="What's this article about?"
                    type="text"
                  />
                </div>
                <div
                  className="form-group"
                >
                  <textarea
                    className="form-control"
                    name="body"
                    placeholder="Tell your story...... "
                  />
                </div>
                <TagsInput
                  addKeys={
                    Array [
                      9,
                      13,
                    ]
                  }
                  addOnBlur={false}
                  addOnPaste={false}
                  className="react-tagsinput"
                  disabled={false}
                  focusedClassName="react-tagsinput--focused"
                  inputProps={Object {}}
                  maxTags={-1}
                  onlyUnique={false}
                  pasteSplit={[Function]}
                  preventSubmit={true}
                  removeKeys={
                    Array [
                      8,
                    ]
                  }
                  renderInput={[Function]}
                  renderLayout={[Function]}
                  renderTag={[Function]}
                  tagDisplayProp={null}
                  tagProps={
                    Object {
                      "className": "react-tagsinput-tag",
                      "classNameRemove": "react-tagsinput-remove",
                    }
                  }
                  validationRegex={/\\.\\*/}
                />
                <div
                  className="form-group"
                >
                  <Button
                    className="btn btn-article btn-primary mb-5 mt-1 float-left"
                    id="publish"
                    text="Publish Article"
                    type="submit"
                  />
                </div>
              </div>
            </form>
          </div>
        </div>,
        "className": "col-lg-8",
      },
      "ref": null,
      "rendered": Object {
        "instance": null,
        "key": undefined,
        "nodeType": "host",
        "props": Object {
          "children": <div
            className="details create-article"
          >
            <h4>
              Publish Article
            </h4>
            <div
              className="separator"
            />
            <form
              className="mt-5"
            >
              <div>
                <div
                  className="form-group"
                >
                  <InputField
                    className="form-control "
                    maxLength="200"
                    name="title"
                    placeholder="Title"
                    type="text"
                  />
                </div>
                <div
                  className=" form-group "
                >
                  <InputField
                    className="form-control "
                    maxLength="200"
                    name="description"
                    placeholder="What's this article about?"
                    type="text"
                  />
                </div>
                <div
                  className="form-group"
                >
                  <textarea
                    className="form-control"
                    name="body"
                    placeholder="Tell your story...... "
                  />
                </div>
                <TagsInput
                  addKeys={
                    Array [
                      9,
                      13,
                    ]
                  }
                  addOnBlur={false}
                  addOnPaste={false}
                  className="react-tagsinput"
                  disabled={false}
                  focusedClassName="react-tagsinput--focused"
                  inputProps={Object {}}
                  maxTags={-1}
                  onlyUnique={false}
                  pasteSplit={[Function]}
                  preventSubmit={true}
                  removeKeys={
                    Array [
                      8,
                    ]
                  }
                  renderInput={[Function]}
                  renderLayout={[Function]}
                  renderTag={[Function]}
                  tagDisplayProp={null}
                  tagProps={
                    Object {
                      "className": "react-tagsinput-tag",
                      "classNameRemove": "react-tagsinput-remove",
                    }
                  }
                  validationRegex={/\\.\\*/}
                />
                <div
                  className="form-group"
                >
                  <Button
                    className="btn btn-article btn-primary mb-5 mt-1 float-left"
                    id="publish"
                    text="Publish Article"
                    type="submit"
                  />
                </div>
              </div>
            </form>
          </div>,
          "className": "article-container",
        },
        "ref": null,
        "rendered": Object {
          "instance": null,
          "key": undefined,
          "nodeType": "host",
          "props": Object {
            "children": Array [
              <h4>
                Publish Article
              </h4>,
              <div
                className="separator"
              />,
              <form
                className="mt-5"
              >
                <div>
                  <div
                    className="form-group"
                  >
                    <InputField
                      className="form-control "
                      maxLength="200"
                      name="title"
                      placeholder="Title"
                      type="text"
                    />
                  </div>
                  <div
                    className=" form-group "
                  >
                    <InputField
                      className="form-control "
                      maxLength="200"
                      name="description"
                      placeholder="What's this article about?"
                      type="text"
                    />
                  </div>
                  <div
                    className="form-group"
                  >
                    <textarea
                      className="form-control"
                      name="body"
                      placeholder="Tell your story...... "
                    />
                  </div>
                  <TagsInput
                    addKeys={
                      Array [
                        9,
                        13,
                      ]
                    }
                    addOnBlur={false}
                    addOnPaste={false}
                    className="react-tagsinput"
                    disabled={false}
                    focusedClassName="react-tagsinput--focused"
                    inputProps={Object {}}
                    maxTags={-1}
                    onlyUnique={false}
                    pasteSplit={[Function]}
                    preventSubmit={true}
                    removeKeys={
                      Array [
                        8,
                      ]
                    }
                    renderInput={[Function]}
                    renderLayout={[Function]}
                    renderTag={[Function]}
                    tagDisplayProp={null}
                    tagProps={
                      Object {
                        "className": "react-tagsinput-tag",
                        "classNameRemove": "react-tagsinput-remove",
                      }
                    }
                    validationRegex={/\\.\\*/}
                  />
                  <div
                    className="form-group"
                  >
                    <Button
                      className="btn btn-article btn-primary mb-5 mt-1 float-left"
                      id="publish"
                      text="Publish Article"
                      type="submit"
                    />
                  </div>
                </div>
              </form>,
            ],
            "className": "details create-article",
          },
          "ref": null,
          "rendered": Array [
            Object {
              "instance": null,
              "key": undefined,
              "nodeType": "host",
              "props": Object {
                "children": "Publish Article",
              },
              "ref": null,
              "rendered": "Publish Article",
              "type": "h4",
            },
            Object {
              "instance": null,
              "key": undefined,
              "nodeType": "host",
              "props": Object {
                "className": "separator",
              },
              "ref": null,
              "rendered": null,
              "type": "div",
            },
            Object {
              "instance": null,
              "key": undefined,
              "nodeType": "host",
              "props": Object {
                "children": <div>
                  <div
                    className="form-group"
                  >
                    <InputField
                      className="form-control "
                      maxLength="200"
                      name="title"
                      placeholder="Title"
                      type="text"
                    />
                  </div>
                  <div
                    className=" form-group "
                  >
                    <InputField
                      className="form-control "
                      maxLength="200"
                      name="description"
                      placeholder="What's this article about?"
                      type="text"
                    />
                  </div>
                  <div
                    className="form-group"
                  >
                    <textarea
                      className="form-control"
                      name="body"
                      placeholder="Tell your story...... "
                    />
                  </div>
                  <TagsInput
                    addKeys={
                      Array [
                        9,
                        13,
                      ]
                    }
                    addOnBlur={false}
                    addOnPaste={false}
                    className="react-tagsinput"
                    disabled={false}
                    focusedClassName="react-tagsinput--focused"
                    inputProps={Object {}}
                    maxTags={-1}
                    onlyUnique={false}
                    pasteSplit={[Function]}
                    preventSubmit={true}
                    removeKeys={
                      Array [
                        8,
                      ]
                    }
                    renderInput={[Function]}
                    renderLayout={[Function]}
                    renderTag={[Function]}
                    tagDisplayProp={null}
                    tagProps={
                      Object {
                        "className": "react-tagsinput-tag",
                        "classNameRemove": "react-tagsinput-remove",
                      }
                    }
                    validationRegex={/\\.\\*/}
                  />
                  <div
                    className="form-group"
                  >
                    <Button
                      className="btn btn-article btn-primary mb-5 mt-1 float-left"
                      id="publish"
                      text="Publish Article"
                      type="submit"
                    />
                  </div>
                </div>,
                "className": "mt-5",
                "onSubmit": undefined,
              },
              "ref": null,
              "rendered": Object {
                "instance": null,
                "key": undefined,
                "nodeType": "host",
                "props": Object {
                  "children": Array [
                    <div
                      className="form-group"
                    >
                      <InputField
                        className="form-control "
                        maxLength="200"
                        name="title"
                        placeholder="Title"
                        type="text"
                      />
                    </div>,
                    <div
                      className=" form-group "
                    >
                      <InputField
                        className="form-control "
                        maxLength="200"
                        name="description"
                        placeholder="What's this article about?"
                        type="text"
                      />
                    </div>,
                    <div
                      className="form-group"
                    >
                      <textarea
                        className="form-control"
                        name="body"
                        placeholder="Tell your story...... "
                      />
                    </div>,
                    <TagsInput
                      addKeys={
                        Array [
                          9,
                          13,
                        ]
                      }
                      addOnBlur={false}
                      addOnPaste={false}
                      className="react-tagsinput"
                      disabled={false}
                      focusedClassName="react-tagsinput--focused"
                      inputProps={Object {}}
                      maxTags={-1}
                      onlyUnique={false}
                      pasteSplit={[Function]}
                      preventSubmit={true}
                      removeKeys={
                        Array [
                          8,
                        ]
                      }
                      renderInput={[Function]}
                      renderLayout={[Function]}
                      renderTag={[Function]}
                      tagDisplayProp={null}
                      tagProps={
                        Object {
                          "className": "react-tagsinput-tag",
                          "classNameRemove": "react-tagsinput-remove",
                        }
                      }
                      validationRegex={/\\.\\*/}
                    />,
                    <div
                      className="form-group"
                    >
                      <Button
                        className="btn btn-article btn-primary mb-5 mt-1 float-left"
                        id="publish"
                        text="Publish Article"
                        type="submit"
                      />
                    </div>,
                  ],
                },
                "ref": null,
                "rendered": Array [
                  Object {
                    "instance": null,
                    "key": undefined,
                    "nodeType": "host",
                    "props": Object {
                      "children": <InputField
                        className="form-control "
                        maxLength="200"
                        name="title"
                        placeholder="Title"
                        type="text"
                      />,
                      "className": "form-group",
                    },
                    "ref": null,
                    "rendered": Object {
                      "instance": null,
                      "key": undefined,
                      "nodeType": "function",
                      "props": Object {
                        "className": "form-control ",
                        "maxLength": "200",
                        "name": "title",
                        "onInputChange": undefined,
                        "placeholder": "Title",
                        "type": "text",
                        "value": undefined,
                      },
                      "ref": null,
                      "rendered": null,
                      "type": [Function],
                    },
                    "type": "div",
                  },
                  Object {
                    "instance": null,
                    "key": undefined,
                    "nodeType": "host",
                    "props": Object {
                      "children": <InputField
                        className="form-control "
                        maxLength="200"
                        name="description"
                        placeholder="What's this article about?"
                        type="text"
                      />,
                      "className": " form-group ",
                    },
                    "ref": null,
                    "rendered": Object {
                      "instance": null,
                      "key": undefined,
                      "nodeType": "function",
                      "props": Object {
                        "className": "form-control ",
                        "maxLength": "200",
                        "name": "description",
                        "onInputChange": undefined,
                        "placeholder": "What's this article about?",
                        "type": "text",
                        "value": undefined,
                      },
                      "ref": null,
                      "rendered": null,
                      "type": [Function],
                    },
                    "type": "div",
                  },
                  Object {
                    "instance": null,
                    "key": undefined,
                    "nodeType": "host",
                    "props": Object {
                      "children": <textarea
                        className="form-control"
                        name="body"
                        placeholder="Tell your story...... "
                      />,
                      "className": "form-group",
                    },
                    "ref": null,
                    "rendered": Object {
                      "instance": null,
                      "key": undefined,
                      "nodeType": "host",
                      "props": Object {
                        "className": "form-control",
                        "name": "body",
                        "onChange": undefined,
                        "placeholder": "Tell your story...... ",
                        "value": undefined,
                      },
                      "ref": null,
                      "rendered": null,
                      "type": "textarea",
                    },
                    "type": "div",
                  },
                  Object {
                    "instance": null,
                    "key": undefined,
                    "nodeType": "class",
                    "props": Object {
                      "addKeys": Array [
                        9,
                        13,
                      ],
                      "addOnBlur": false,
                      "addOnPaste": false,
                      "className": "react-tagsinput",
                      "disabled": false,
                      "focusedClassName": "react-tagsinput--focused",
                      "inputProps": Object {},
                      "maxTags": -1,
                      "onChange": undefined,
                      "onlyUnique": false,
                      "pasteSplit": [Function],
                      "preventSubmit": true,
                      "removeKeys": Array [
                        8,
                      ],
                      "renderInput": [Function],
                      "renderLayout": [Function],
                      "renderTag": [Function],
                      "tagDisplayProp": null,
                      "tagProps": Object {
                        "className": "react-tagsinput-tag",
                        "classNameRemove": "react-tagsinput-remove",
                      },
                      "validationRegex": /\\.\\*/,
                      "value": undefined,
                    },
                    "ref": null,
                    "rendered": null,
                    "type": [Function],
                  },
                  Object {
                    "instance": null,
                    "key": undefined,
                    "nodeType": "host",
                    "props": Object {
                      "children": <Button
                        className="btn btn-article btn-primary mb-5 mt-1 float-left"
                        id="publish"
                        text="Publish Article"
                        type="submit"
                      />,
                      "className": "form-group",
                    },
                    "ref": null,
                    "rendered": Object {
                      "instance": null,
                      "key": undefined,
                      "nodeType": "function",
                      "props": Object {
                        "className": "btn btn-article btn-primary mb-5 mt-1 float-left",
                        "id": "publish",
                        "text": "Publish Article",
                        "type": "submit",
                      },
                      "ref": null,
                      "rendered": null,
                      "type": [Function],
                    },
                    "type": "div",
                  },
                ],
                "type": "div",
              },
              "type": "form",
            },
          ],
          "type": "div",
        },
        "type": "div",
      },
      "type": "div",
    },
  ],
  Symbol(enzyme.__options__): Object {
    "adapter": ReactSixteenAdapter {
      "options": Object {
        "enableComponentDidUpdateOnSetState": true,
        "legacyContextMode": "parent",
        "lifecycles": Object {
          "componentDidUpdate": Object {
            "onSetState": true,
          },
          "getChildContext": Object {
            "calledByRenderer": false,
          },
          "getDerivedStateFromError": true,
          "getDerivedStateFromProps": Object {
            "hasShouldComponentUpdateBug": false,
          },
          "getSnapshotBeforeUpdate": true,
          "setState": Object {
            "skipsComponentDidUpdateOnNullish": true,
          },
        },
      },
    },
    "disableLifecycleMethods": true,
  },
}
`;
