// Jest Snapshot v1, https://goo.gl/fbAQLP

exports[`ArticleDetailView should render 404 view without crashing 1`] = `
<div
  className="h-100 w-100 p-5 m-5  text-center"
>
  fi5spgrd2p
  ;
</div>
`;

exports[`ArticleDetailView should render without crashing 1`] = `
ShallowWrapper {
  Symbol(enzyme.__root__): [Circular],
  Symbol(enzyme.__unrendered__): <ArticleDetailView
    article={
      Object {
        "author": "testuser",
        "title": "test title",
      }
    }
    getSingleArticle={
      [MockFunction] {
        "calls": Array [
          Array [
            "article-slug",
          ],
        ],
        "results": Array [
          Object {
            "isThrow": false,
            "value": undefined,
          },
        ],
      }
    }
    loading={false}
    match={
      Object {
        "params": Object {
          "slug": "article-slug",
        },
      }
    }
  />,
  Symbol(enzyme.__renderer__): Object {
    "batchedUpdates": [Function],
    "checkPropTypes": [Function],
    "getNode": [Function],
    "render": [Function],
    "simulateError": [Function],
    "simulateEvent": [Function],
    "unmount": [Function],
  },
  Symbol(enzyme.__node__): Object {
    "instance": null,
    "key": undefined,
    "nodeType": "function",
    "props": Object {
      "children": Array [
        <Connect(Navbar) />,
        <ImageBanner
          info="View Article"
          page="view_article"
        />,
        <section
          className="blog-section"
        >
          <div
            className="container"
          >
            <div
              className="row"
            >
              <ArticleComponent
                article={
                  Object {
                    "author": "testuser",
                    "title": "test title",
                  }
                }
                slug="article-slug"
              />
              <Sidebar />
            </div>
            <ToastContainer
              autoClose={5000}
              bodyClassName={null}
              className={null}
              closeButton={
                <CloseButton
                  ariaLabel="close"
                />
              }
              closeOnClick={true}
              draggable={true}
              draggablePercent={80}
              hideProgressBar={false}
              newestOnTop={false}
              pauseOnFocusLoss={true}
              pauseOnHover={true}
              position="top-right"
              progressClassName={null}
              progressStyle={null}
              rtl={false}
              style={null}
              toastClassName={null}
              transition={[Function]}
            />
          </div>
        </section>,
      ],
    },
    "ref": null,
    "rendered": Array [
      Object {
        "instance": null,
        "key": undefined,
        "nodeType": "class",
        "props": Object {},
        "ref": null,
        "rendered": null,
        "type": [Function],
      },
      Object {
        "instance": null,
        "key": undefined,
        "nodeType": "class",
        "props": Object {
          "info": "View Article",
          "page": "view_article",
        },
        "ref": null,
        "rendered": null,
        "type": [Function],
      },
      Object {
        "instance": null,
        "key": undefined,
        "nodeType": "host",
        "props": Object {
          "children": <div
            className="container"
          >
            <div
              className="row"
            >
              <ArticleComponent
                article={
                  Object {
                    "author": "testuser",
                    "title": "test title",
                  }
                }
                slug="article-slug"
              />
              <Sidebar />
            </div>
            <ToastContainer
              autoClose={5000}
              bodyClassName={null}
              className={null}
              closeButton={
                <CloseButton
                  ariaLabel="close"
                />
              }
              closeOnClick={true}
              draggable={true}
              draggablePercent={80}
              hideProgressBar={false}
              newestOnTop={false}
              pauseOnFocusLoss={true}
              pauseOnHover={true}
              position="top-right"
              progressClassName={null}
              progressStyle={null}
              rtl={false}
              style={null}
              toastClassName={null}
              transition={[Function]}
            />
          </div>,
          "className": "blog-section",
        },
        "ref": null,
        "rendered": Object {
          "instance": null,
          "key": undefined,
          "nodeType": "host",
          "props": Object {
            "children": Array [
              <div
                className="row"
              >
                <ArticleComponent
                  article={
                    Object {
                      "author": "testuser",
                      "title": "test title",
                    }
                  }
                  slug="article-slug"
                />
                <Sidebar />
              </div>,
              <ToastContainer
                autoClose={5000}
                bodyClassName={null}
                className={null}
                closeButton={
                  <CloseButton
                    ariaLabel="close"
                  />
                }
                closeOnClick={true}
                draggable={true}
                draggablePercent={80}
                hideProgressBar={false}
                newestOnTop={false}
                pauseOnFocusLoss={true}
                pauseOnHover={true}
                position="top-right"
                progressClassName={null}
                progressStyle={null}
                rtl={false}
                style={null}
                toastClassName={null}
                transition={[Function]}
              />,
            ],
            "className": "container",
          },
          "ref": null,
          "rendered": Array [
            Object {
              "instance": null,
              "key": undefined,
              "nodeType": "host",
              "props": Object {
                "children": Array [
                  <ArticleComponent
                    article={
                      Object {
                        "author": "testuser",
                        "title": "test title",
                      }
                    }
                    slug="article-slug"
                  />,
                  <Sidebar />,
                ],
                "className": "row",
              },
              "ref": null,
              "rendered": Array [
                Object {
                  "instance": null,
                  "key": undefined,
                  "nodeType": "function",
                  "props": Object {
                    "article": Object {
                      "author": "testuser",
                      "title": "test title",
                    },
                    "slug": "article-slug",
                  },
                  "ref": null,
                  "rendered": null,
                  "type": [Function],
                },
                Object {
                  "instance": null,
                  "key": undefined,
                  "nodeType": "function",
                  "props": Object {},
                  "ref": null,
                  "rendered": null,
                  "type": [Function],
                },
              ],
              "type": "div",
            },
            Object {
              "instance": null,
              "key": undefined,
              "nodeType": "class",
              "props": Object {
                "autoClose": 5000,
                "bodyClassName": null,
                "className": null,
                "closeButton": <CloseButton
                  ariaLabel="close"
                />,
                "closeOnClick": true,
                "draggable": true,
                "draggablePercent": 80,
                "hideProgressBar": false,
                "newestOnTop": false,
                "pauseOnFocusLoss": true,
                "pauseOnHover": true,
                "position": "top-right",
                "progressClassName": null,
                "progressStyle": null,
                "rtl": false,
                "style": null,
                "toastClassName": null,
                "transition": [Function],
              },
              "ref": null,
              "rendered": null,
              "type": [Function],
            },
          ],
          "type": "div",
        },
        "type": "section",
      },
    ],
    "type": Symbol(react.fragment),
  },
  Symbol(enzyme.__nodes__): Array [
    Object {
      "instance": null,
      "key": undefined,
      "nodeType": "function",
      "props": Object {
        "children": Array [
          <Connect(Navbar) />,
          <ImageBanner
            info="View Article"
            page="view_article"
          />,
          <section
            className="blog-section"
          >
            <div
              className="container"
            >
              <div
                className="row"
              >
                <ArticleComponent
                  article={
                    Object {
                      "author": "testuser",
                      "title": "test title",
                    }
                  }
                  slug="article-slug"
                />
                <Sidebar />
              </div>
              <ToastContainer
                autoClose={5000}
                bodyClassName={null}
                className={null}
                closeButton={
                  <CloseButton
                    ariaLabel="close"
                  />
                }
                closeOnClick={true}
                draggable={true}
                draggablePercent={80}
                hideProgressBar={false}
                newestOnTop={false}
                pauseOnFocusLoss={true}
                pauseOnHover={true}
                position="top-right"
                progressClassName={null}
                progressStyle={null}
                rtl={false}
                style={null}
                toastClassName={null}
                transition={[Function]}
              />
            </div>
          </section>,
        ],
      },
      "ref": null,
      "rendered": Array [
        Object {
          "instance": null,
          "key": undefined,
          "nodeType": "class",
          "props": Object {},
          "ref": null,
          "rendered": null,
          "type": [Function],
        },
        Object {
          "instance": null,
          "key": undefined,
          "nodeType": "class",
          "props": Object {
            "info": "View Article",
            "page": "view_article",
          },
          "ref": null,
          "rendered": null,
          "type": [Function],
        },
        Object {
          "instance": null,
          "key": undefined,
          "nodeType": "host",
          "props": Object {
            "children": <div
              className="container"
            >
              <div
                className="row"
              >
                <ArticleComponent
                  article={
                    Object {
                      "author": "testuser",
                      "title": "test title",
                    }
                  }
                  slug="article-slug"
                />
                <Sidebar />
              </div>
              <ToastContainer
                autoClose={5000}
                bodyClassName={null}
                className={null}
                closeButton={
                  <CloseButton
                    ariaLabel="close"
                  />
                }
                closeOnClick={true}
                draggable={true}
                draggablePercent={80}
                hideProgressBar={false}
                newestOnTop={false}
                pauseOnFocusLoss={true}
                pauseOnHover={true}
                position="top-right"
                progressClassName={null}
                progressStyle={null}
                rtl={false}
                style={null}
                toastClassName={null}
                transition={[Function]}
              />
            </div>,
            "className": "blog-section",
          },
          "ref": null,
          "rendered": Object {
            "instance": null,
            "key": undefined,
            "nodeType": "host",
            "props": Object {
              "children": Array [
                <div
                  className="row"
                >
                  <ArticleComponent
                    article={
                      Object {
                        "author": "testuser",
                        "title": "test title",
                      }
                    }
                    slug="article-slug"
                  />
                  <Sidebar />
                </div>,
                <ToastContainer
                  autoClose={5000}
                  bodyClassName={null}
                  className={null}
                  closeButton={
                    <CloseButton
                      ariaLabel="close"
                    />
                  }
                  closeOnClick={true}
                  draggable={true}
                  draggablePercent={80}
                  hideProgressBar={false}
                  newestOnTop={false}
                  pauseOnFocusLoss={true}
                  pauseOnHover={true}
                  position="top-right"
                  progressClassName={null}
                  progressStyle={null}
                  rtl={false}
                  style={null}
                  toastClassName={null}
                  transition={[Function]}
                />,
              ],
              "className": "container",
            },
            "ref": null,
            "rendered": Array [
              Object {
                "instance": null,
                "key": undefined,
                "nodeType": "host",
                "props": Object {
                  "children": Array [
                    <ArticleComponent
                      article={
                        Object {
                          "author": "testuser",
                          "title": "test title",
                        }
                      }
                      slug="article-slug"
                    />,
                    <Sidebar />,
                  ],
                  "className": "row",
                },
                "ref": null,
                "rendered": Array [
                  Object {
                    "instance": null,
                    "key": undefined,
                    "nodeType": "function",
                    "props": Object {
                      "article": Object {
                        "author": "testuser",
                        "title": "test title",
                      },
                      "slug": "article-slug",
                    },
                    "ref": null,
                    "rendered": null,
                    "type": [Function],
                  },
                  Object {
                    "instance": null,
                    "key": undefined,
                    "nodeType": "function",
                    "props": Object {},
                    "ref": null,
                    "rendered": null,
                    "type": [Function],
                  },
                ],
                "type": "div",
              },
              Object {
                "instance": null,
                "key": undefined,
                "nodeType": "class",
                "props": Object {
                  "autoClose": 5000,
                  "bodyClassName": null,
                  "className": null,
                  "closeButton": <CloseButton
                    ariaLabel="close"
                  />,
                  "closeOnClick": true,
                  "draggable": true,
                  "draggablePercent": 80,
                  "hideProgressBar": false,
                  "newestOnTop": false,
                  "pauseOnFocusLoss": true,
                  "pauseOnHover": true,
                  "position": "top-right",
                  "progressClassName": null,
                  "progressStyle": null,
                  "rtl": false,
                  "style": null,
                  "toastClassName": null,
                  "transition": [Function],
                },
                "ref": null,
                "rendered": null,
                "type": [Function],
              },
            ],
            "type": "div",
          },
          "type": "section",
        },
      ],
      "type": Symbol(react.fragment),
    },
  ],
  Symbol(enzyme.__options__): Object {
    "adapter": ReactSixteenAdapter {
      "options": Object {
        "enableComponentDidUpdateOnSetState": true,
        "legacyContextMode": "parent",
        "lifecycles": Object {
          "componentDidUpdate": Object {
            "onSetState": true,
          },
          "getChildContext": Object {
            "calledByRenderer": false,
          },
          "getDerivedStateFromError": true,
          "getDerivedStateFromProps": Object {
            "hasShouldComponentUpdateBug": false,
          },
          "getSnapshotBeforeUpdate": true,
          "setState": Object {
            "skipsComponentDidUpdateOnNullish": true,
          },
        },
      },
    },
    "disableLifecycleMethods": true,
  },
}
`;
