// Jest Snapshot v1, https://goo.gl/fbAQLP

exports[`Home view component should render without crashing 1`] = `
ShallowWrapper {
  Symbol(enzyme.__root__): [Circular],
  Symbol(enzyme.__unrendered__): <ProfileStats />,
  Symbol(enzyme.__renderer__): Object {
    "batchedUpdates": [Function],
    "checkPropTypes": [Function],
    "getNode": [Function],
    "render": [Function],
    "simulateError": [Function],
    "simulateEvent": [Function],
    "unmount": [Function],
  },
  Symbol(enzyme.__node__): Object {
    "instance": null,
    "key": undefined,
    "nodeType": "host",
    "props": Object {
      "children": Array [
        <div
          className="col-md-4"
        >
          <strong>
            35 
          </strong>
          Posts
        </div>,
        <div
          className="col-md-4"
        >
          <strong>
            767 
          </strong>
          Followers
        </div>,
        <div
          className="col-md-4"
        >
          <strong>
            1,345 
          </strong>
          Following
        </div>,
      ],
      "className": "row",
    },
    "ref": null,
    "rendered": Array [
      Object {
        "instance": null,
        "key": undefined,
        "nodeType": "host",
        "props": Object {
          "children": Array [
            <strong>
              35 
            </strong>,
            "Posts",
          ],
          "className": "col-md-4",
        },
        "ref": null,
        "rendered": Array [
          Object {
            "instance": null,
            "key": undefined,
            "nodeType": "host",
            "props": Object {
              "children": "35 ",
            },
            "ref": null,
            "rendered": "35 ",
            "type": "strong",
          },
          "Posts",
        ],
        "type": "div",
      },
      Object {
        "instance": null,
        "key": undefined,
        "nodeType": "host",
        "props": Object {
          "children": Array [
            <strong>
              767 
            </strong>,
            "Followers",
          ],
          "className": "col-md-4",
        },
        "ref": null,
        "rendered": Array [
          Object {
            "instance": null,
            "key": undefined,
            "nodeType": "host",
            "props": Object {
              "children": "767 ",
            },
            "ref": null,
            "rendered": "767 ",
            "type": "strong",
          },
          "Followers",
        ],
        "type": "div",
      },
      Object {
        "instance": null,
        "key": undefined,
        "nodeType": "host",
        "props": Object {
          "children": Array [
            <strong>
              1,345 
            </strong>,
            "Following",
          ],
          "className": "col-md-4",
        },
        "ref": null,
        "rendered": Array [
          Object {
            "instance": null,
            "key": undefined,
            "nodeType": "host",
            "props": Object {
              "children": "1,345 ",
            },
            "ref": null,
            "rendered": "1,345 ",
            "type": "strong",
          },
          "Following",
        ],
        "type": "div",
      },
    ],
    "type": "div",
  },
  Symbol(enzyme.__nodes__): Array [
    Object {
      "instance": null,
      "key": undefined,
      "nodeType": "host",
      "props": Object {
        "children": Array [
          <div
            className="col-md-4"
          >
            <strong>
              35 
            </strong>
            Posts
          </div>,
          <div
            className="col-md-4"
          >
            <strong>
              767 
            </strong>
            Followers
          </div>,
          <div
            className="col-md-4"
          >
            <strong>
              1,345 
            </strong>
            Following
          </div>,
        ],
        "className": "row",
      },
      "ref": null,
      "rendered": Array [
        Object {
          "instance": null,
          "key": undefined,
          "nodeType": "host",
          "props": Object {
            "children": Array [
              <strong>
                35 
              </strong>,
              "Posts",
            ],
            "className": "col-md-4",
          },
          "ref": null,
          "rendered": Array [
            Object {
              "instance": null,
              "key": undefined,
              "nodeType": "host",
              "props": Object {
                "children": "35 ",
              },
              "ref": null,
              "rendered": "35 ",
              "type": "strong",
            },
            "Posts",
          ],
          "type": "div",
        },
        Object {
          "instance": null,
          "key": undefined,
          "nodeType": "host",
          "props": Object {
            "children": Array [
              <strong>
                767 
              </strong>,
              "Followers",
            ],
            "className": "col-md-4",
          },
          "ref": null,
          "rendered": Array [
            Object {
              "instance": null,
              "key": undefined,
              "nodeType": "host",
              "props": Object {
                "children": "767 ",
              },
              "ref": null,
              "rendered": "767 ",
              "type": "strong",
            },
            "Followers",
          ],
          "type": "div",
        },
        Object {
          "instance": null,
          "key": undefined,
          "nodeType": "host",
          "props": Object {
            "children": Array [
              <strong>
                1,345 
              </strong>,
              "Following",
            ],
            "className": "col-md-4",
          },
          "ref": null,
          "rendered": Array [
            Object {
              "instance": null,
              "key": undefined,
              "nodeType": "host",
              "props": Object {
                "children": "1,345 ",
              },
              "ref": null,
              "rendered": "1,345 ",
              "type": "strong",
            },
            "Following",
          ],
          "type": "div",
        },
      ],
      "type": "div",
    },
  ],
  Symbol(enzyme.__options__): Object {
    "adapter": ReactSixteenAdapter {
      "options": Object {
        "enableComponentDidUpdateOnSetState": true,
        "legacyContextMode": "parent",
        "lifecycles": Object {
          "componentDidUpdate": Object {
            "onSetState": true,
          },
          "getChildContext": Object {
            "calledByRenderer": false,
          },
          "getDerivedStateFromError": true,
          "getDerivedStateFromProps": Object {
            "hasShouldComponentUpdateBug": false,
          },
          "getSnapshotBeforeUpdate": true,
          "setState": Object {
            "skipsComponentDidUpdateOnNullish": true,
          },
        },
      },
    },
    "disableLifecycleMethods": true,
  },
}
`;
